// Jest Snapshot v1, https://goo.gl/fbAQLP

exports[`should render AddReportView correctly 1`] = `
<div>
  <div
    className="reports-header"
  >
    <div
      className="content-container"
    >
      <h1
        className="reports-header__title"
      >
        Add Report
      </h1>
    </div>
  </div>
  <div
    className="content-container"
  >
    <ReportForm
      onSubmit={[Function]}
    />
  </div>
</div>
`;
