// Jest Snapshot v1, https://goo.gl/fbAQLP

exports[`should render ReportListItem correctly 1`] = `
<Link
  className="list-item"
  replace={false}
  to="/reports/edit/1"
>
  <div>
    <h3
      className="list-item__title"
    >
      Jack
       
    </h3>
    <span
      className="list-item__subtitle"
    >
      December 31st, 1969
    </span>
  </div>
  <h3
    className="list-item__data"
  >
     
    1st
     
  </h3>
</Link>
`;
